==============================================================================
① 各维度单独提升倍数表（基准 = 战士+蓝装0强化 ×1.5普攻，参照副本 inst_moon_temple Lv.60）
   Boss 防御 330 / 魔防 296
==============================================================================
乘区            说明                                      单独倍数
------------------------------------------------------------------------------
a.满自由属性点      9+3×59=186点全str，攻击+223                  2.42×
b.tier转职倍率    tier2成长×1.3 + 攻线×1.06                   1.32×
c.真实技能轴       破甲斩(130%破防+减半防)+猛击(120%)循环              1.16× (技能倍率 1.74×普攻 vs 原×1.5)
d.2条攻击词条      蓝装2词条:贯穿+暴击强化(10章七口径)                   1.20×
e.附魔crit4%    暴击期望 1.095→1.121（crit上限0.5）             1.02×
f.药水攻击buff    攻击药水 攻+30%(3回合) 实算                      1.41×
------------------------------------------------------------------------------
累乘总提升         a×b×c×d×e×f（相对战士+蓝装0强化基准）               6.43×
→ 真实玩家每轮输出 ≈ 校准模型（战士+游侠均值 ×1.5）的 6.43 倍
   （即校准模型对同档位玩家的输出低估 6.4 倍；其中 c 项已扣除原有的 ×1.5）
   注：CTB 行动频率 = min(spd,80)/100 次/时隙，原模型隐式视为 1.0/轮 —— 高灵巧职业实战时长进一步缩短，此处未计入轮数。

各职业每轮期望伤害（低配/全配 vs 校准模型，参照副本）：
  战士   低配      795   全配     1293   校准模型      238   全配/校准 = 5.42×
  游侠   低配      674   全配     1153   校准模型      238   全配/校准 = 4.83×
  法师   低配     1070   全配     1828   校准模型      238   全配/校准 = 7.67×
  牧师   低配      529   全配      905   校准模型      238   全配/校准 = 3.79×
  刺客   低配      944   全配     1632   校准模型      238   全配/校准 = 6.84×

==============================================================================
③ 全副本 Boss 战轮数（真实玩家模型；每轮=每人一次行动；组队=4人×1.1团队buff；BossHP=hp_mult+0.65×(n−min_players))
==============================================================================
副本                     Lv    原表蓝装 |     单刷低配+0     单刷+5     4人+5     4人+9 | 判定
------------------------------------------------------------------------------------------------------------
inst_goblin_camp       15     120 |         28       17        8        5 | ✅
inst_deer_fort         18     130 |         29       18        9        5 | ✅
inst_sea_cave          22     112 |         36       21       11        6 | ⚠️
inst_old_king_tomb     35     280 |         97       59       24       14 | 🔴
inst_holy_trial        36     283 |         60       37       17       10 | 🔴
inst_sunken_ship       38     306 |         65       40       18       10 | 🔴
inst_secret_crypt      42     151 |         44       28       16        9 | ⚠️
inst_siren_nest        52     193 |         53       35       18       10 | ⚠️
inst_elven_ruins       58     164 |         48       33       18       10 | ⚠️
inst_moon_temple       60     315 |         56       39       19       11 | ⚠️
inst_sea_god_temple    64     158 |         40       28       17       10 | ⚠️
inst_deep_dragon_palace 70     133 |         26       18       15        9 | ✅
inst_frost_throne      74     254 |         64       45       22       13 | 🔴
inst_gray_dwarf        74     254 |         64       45       22       13 | 🔴
inst_ash_temple        82     206 |         57       41       21       12 | ⚠️
inst_under_dragon      84     150 |         31       22       17       10 | ⚠️
inst_abyss_gate        90     243 |         54       40       26       15 | ⚠️
inst_dragon_tomb       90     234 |         52       38       25       15 | ⚠️
inst_storm_throne      90     200 |         49       36       20       12 | ⚠️
inst_abyss_throne      90     208 |         46       34       22       13 | ⚠️
inst_eye_of_storm      92     162 |         34       25       17       10 | ⚠️
inst_cloud_sanctum     94     163 |         37       27       17       10 | ⚠️
------------------------------------------------------------------------------------------------------------
副本数（含Boss）: 22
纯输出差距（真实5职全配均值输出 / 校准模型输出，同HP直比）：最小 4.8× / 中位 5.8× / 最大 6.3×
按轮数直比（原表蓝装轮数 / 单刷蓝装+0全配轮数，含单人HP缩放差异）：均值 4.2×

=== 舒适区(15~30轮) / 过速(<15轮) / 恶性超标(>60轮) 统计 ===
  单刷蓝装+0(低配)     舒适区  3 个: inst_goblin_camp,inst_deer_fort,inst_deep_dragon_palace
  单刷蓝装+0(低配)     过速    0 个: 无   （<15轮，Boss被秒）
  单刷蓝装+0(低配)     超标    5 个: inst_old_king_tomb,inst_holy_trial,inst_sunken_ship,inst_frost_throne,inst_gray_dwarf   （>60轮）
  单刷蓝+5          舒适区  9 个: inst_goblin_camp,inst_deer_fort,inst_sea_cave,inst_secret_crypt,inst_sea_god_temple,inst_deep_dragon_palace,inst_under_dragon,inst_eye_of_storm,inst_cloud_sanctum
  单刷蓝+5          过速    0 个: 无   （<15轮，Boss被秒）
  单刷蓝+5          超标    0 个: 无   （>60轮）
  4人蓝+5          舒适区 18 个: inst_old_king_tomb,inst_holy_trial,inst_sunken_ship,inst_secret_crypt,inst_siren_nest,inst_elven_ruins,inst_moon_temple,inst_sea_god_temple,inst_frost_throne,inst_gray_dwarf,inst_ash_temple,inst_under_dragon,inst_abyss_gate,inst_dragon_tomb,inst_storm_throne,inst_abyss_throne,inst_eye_of_storm,inst_cloud_sanctum
  4人蓝+5          过速    4 个: inst_goblin_camp,inst_deer_fort,inst_sea_cave,inst_deep_dragon_palace   （<15轮，Boss被秒）
  4人蓝+5          超标    0 个: 无   （>60轮）
  4人蓝+9          舒适区  1 个: inst_abyss_gate
  4人蓝+9          过速   21 个: inst_goblin_camp,inst_deer_fort,inst_sea_cave,inst_old_king_tomb,inst_holy_trial,inst_sunken_ship,inst_secret_crypt,inst_siren_nest,inst_elven_ruins,inst_moon_temple,inst_sea_god_temple,inst_deep_dragon_palace,inst_frost_throne,inst_gray_dwarf,inst_ash_temple,inst_under_dragon,inst_dragon_tomb,inst_storm_throne,inst_abyss_throne,inst_eye_of_storm,inst_cloud_sanctum   （<15轮，Boss被秒）
  4人蓝+9          超标    0 个: 无   （>60轮）

口径与假设：技能 Lv.1（未计技能升级+10%/级）；未计元素反应/暴击药水/战吼/称号/种族；
战士循环未计裂地斩(怒气3终结180%破防，实机可再高~15%)；Boss 全程不回血、无小怪干扰；
法系长局已按蓝量闸门降级普攻（战斗内无自然回蓝，仅魔力药水/料理）；宠物不参战（instance.py:435）。
