==========================================================================
《奥兰迪亚》精英/野外 Boss 数值现状审计（只读，真实引擎实测）
==========================================================================

【① elite/boss 面板（build_monster 实测；hp 已含 1+lv×0.04/0.06 上限3.0、def/mdef ×1.15/1.25、等级段曲线）】
Lv   | elite hp/atk/def/spd/matk/mdef   | boss hp/atk/def/spd/matk/mdef   
--------------------------------------------------------------------------
11   | (712,79,41,26,60,41)             | (1228,91,60,28,72,55)           
16   | (1230,111,57,33,85,57)           | (2179,128,83,37,102,76)         
22   | (2740,150,75,42,115,75)          | (4985,173,111,47,138,101)       
30   | (6074,202,102,54,155,102)        | (11345,233,150,62,186,135)      
45   | (14543,277,150,77,230,150)       | (22780,320,221,89,276,198)      
60   | (25041,337,198,99,305,198)       | (36536,389,292,116,366,262)     

【④ 当前野外怪物表 elite/boss 等级分布（装配后 SUBAREAS 扫描）】
elite 数量=71  等级分布: {4: 1, 6: 1, 8: 1, 10: 1, 14: 1, 16: 1, 18: 1, 20: 1, 24: 1, 25: 2, 27: 1, 33: 1, 34: 2, 37: 1, 38: 1, 39: 1, 40: 2, 42: 2, 43: 1, 45: 2, 47: 1, 48: 1, 50: 1, 52: 1, 55: 2, 56: 2, 58: 2, 60: 1, 61: 1, 62: 2, 64: 1, 68: 1, 70: 3, 71: 2, 72: 1, 74: 2, 76: 2, 78: 1, 80: 2, 82: 1, 84: 1, 86: 3, 88: 1, 92: 3, 94: 2, 96: 5, 98: 1}
boss  数量=24  等级分布: {20: 1, 24: 1, 28: 1, 45: 1, 46: 1, 48: 1, 52: 1, 60: 1, 62: 1, 66: 1, 68: 1, 72: 1, 78: 1, 84: 2, 90: 1, 92: 2, 98: 2, 100: 4}
11 级野外 elite 存在: 否；11 级野外 boss 存在: 否
明细（地图 | 子区域 | 名字 | 类型 | 等级）: 前 30 条
  橡木平原       | 溪边草地       | 巨型野猪     | elite  | 4
  橡木平原       | 野猪泥潭       | 巨型野猪     | elite  | 6
  翡翠森林       | 古树空地       | 狼王·灰影    | elite  | 14
  迷雾沼泽       | 沼泽深处       | 沼泽巨鳄     | elite  | 18
  哥布林营地      | 入口         | 哥布林酋长·咕噜 | boss   | 20
  山丘矿洞       | 矿洞深处       | 洞穴巨魔     | elite  | 24
  铁港码头       | 海堤         | 海盗副官     | elite  | 25
  海蚀洞窟       | 入口         | 海盗王·独眼杰克 | boss   | 28
  银溪谷地       | 谷地深处       | 谷地巨魔     | elite  | 16
  风车原野       | 原野深处       | 平原狼王     | elite  | 20
  风车原野       | 草海深处       | 平原狼王     | elite  | 25
  鹿角要塞       | 入口         | 要塞幽灵     | boss   | 24
  落石峡谷       | 峡谷深处       | 峡谷巨魔     | elite  | 8
  野猪岭        | 野猪王巢       | 野猪王·裂鬃   | elite  | 10
  晨曦大圣堂      | 圣堂地窟       | 审判官      | elite  | 33
  金穗平原       | 平原深处       | 盗贼头目·黑鸦  | elite  | 38
  金穗平原       | 北坡麦缘       | 盗贼头目·黑鸦  | elite  | 45
  白石修道院      | 地窖         | 修道院守护者   | elite  | 37
  白石修道院      | 圣龛密室       | 修道院守护者   | elite  | 43
  旧王陵        | 入口         | 古王·奥德里克  | boss   | 45
  边境堡        | 堡内广场       | 兽人战士     | elite  | 47
  边境堡        | 藏兵甬道       | 兽人战士     | elite  | 55
  银铃河        | 河心洲        | 河龙领主     | elite  | 27
  圣堂地窖       | 入口         | 审判长·马尔库斯 | boss   | 52
  圣骑士训练场     | 魔像试炼区      | 骑士教官     | elite  | 34
  圣骑士训练场     | 武器库密室      | 骑士教官     | elite  | 39
  王陵古道       | 王陵前        | 古墓领主     | elite  | 42
  圣光试炼场      | 入口         | 试炼骑士长    | boss   | 46
  铁盾丘陵       | 丘陵顶        | 丘陵狼王·铁牙  | elite  | 34
  旧战场遗址      | 遗址核心       | 百族战将·亡影  | elite  | 40
  ... 共 95 条（列表截断）
隐藏怪表 elite/boss: 25 条（lv_off 相对值）: [1, 1, 2, 2, 2, 3, 3, 3, 4, 4, 4, 4, 5, 5, 5, 5, 5, 6, 6, 6, 6, 6, 6, 6, 6]

【模拟说明】11 级野外 elite/boss 存在=打真同级档；不存在则 11 级档为合成同级对照，16/22 级档模拟 11 级玩家越 5 级/跨 11 级实战档。
满装 = N03 固定种子名册蓝装 5 槽（Lv.10-15）。战斗=BT.Battle 纯普攻，seeds=8。
【② 11 级玩家（39 点）裸装/满装 vs elite/boss 胜率与平均击杀回合】
职业   装备   | 同 11:e胜/8(k回合) b胜/8(k回合) | 越5 16:e胜/8(k回合) b胜/8(k回合) | 跨11 22:e胜/8(k回合) b胜/8(k回合)
战士   裸装   | 同 11:e0/8(k-) b0/8(k-) | 越5 16:e0/8(k-) b0/8(k-) | 跨11 22:e0/8(k-) b0/8(k-)
战士   满装   | 同 11:e8/8(k7.0) b8/8(k12.9) | 越5 16:e8/8(k12.6) b0/8(k-) | 跨11 22:e0/8(k-) b0/8(k-)
法师   裸装   | 同 11:e0/8(k-) b0/8(k-) | 越5 16:e0/8(k-) b0/8(k-) | 跨11 22:e0/8(k-) b0/8(k-)
法师   满装   | 同 11:e2/8(k27.0) b0/8(k-) | 越5 16:e0/8(k-) b0/8(k-) | 跨11 22:e0/8(k-) b0/8(k-)
游侠   裸装   | 同 11:e0/8(k-) b0/8(k-) | 越5 16:e0/8(k-) b0/8(k-) | 跨11 22:e0/8(k-) b0/8(k-)
游侠   满装   | 同 11:e8/8(k12.4) b8/8(k25.5) | 越5 16:e7/8(k25.3) b0/8(k-) | 跨11 22:e0/8(k-) b0/8(k-)
牧师   裸装   | 同 11:e0/8(k-) b0/8(k-) | 越5 16:e0/8(k-) b0/8(k-) | 跨11 22:e0/8(k-) b0/8(k-)
牧师   满装   | 同 11:e8/8(k23.1) b0/8(k-) | 越5 16:e0/8(k-) b0/8(k-) | 跨11 22:e0/8(k-) b0/8(k-)
刺客   裸装   | 同 11:e0/8(k-) b0/8(k-) | 越5 16:e0/8(k-) b0/8(k-) | 跨11 22:e0/8(k-) b0/8(k-)
刺客   满装   | 同 11:e8/8(k10.0) b8/8(k20.9) | 越5 16:e8/8(k20.2) b0/8(k-) | 跨11 22:e0/8(k-) b0/8(k-)
拳师   裸装   | 同 11:e0/8(k-) b0/8(k-) | 越5 16:e0/8(k-) b0/8(k-) | 跨11 22:e0/8(k-) b0/8(k-)
拳师   满装   | 同 11:e8/8(k7.4) b8/8(k13.6) | 越5 16:e8/8(k13.0) b0/8(k-) | 跨11 22:e0/8(k-) b0/8(k-)

六职业合计（48 场/格）：
  elite  Lv11  裸装: 0/48 胜 (0.0%)  平均 7.5 回合
  elite  Lv11  满装: 42/48 胜 (87.5%)  平均 14.1 回合  平均击杀 12.7 回合
  boss   Lv11  裸装: 0/48 胜 (0.0%)  平均 6.3 回合
  boss   Lv11  满装: 32/48 胜 (66.7%)  平均 19.2 回合  平均击杀 18.2 回合
  elite  Lv16  裸装: 0/48 胜 (0.0%)  平均 4.6 回合
  elite  Lv16  满装: 31/48 胜 (64.6%)  平均 16.3 回合  平均击杀 17.5 回合
  boss   Lv16  裸装: 0/48 胜 (0.0%)  平均 3.7 回合
  boss   Lv16  满装: 0/48 胜 (0.0%)  平均 15.7 回合
  elite  Lv22  裸装: 0/48 胜 (0.0%)  平均 2.8 回合
  elite  Lv22  满装: 0/48 胜 (0.0%)  平均 11.9 回合
  boss   Lv22  裸装: 0/48 胜 (0.0%)  平均 2.4 回合
  boss   Lv22  满装: 0/48 胜 (0.0%)  平均 8.5 回合

【③ elite/boss 打玩家的承伤回合（期望 dmg=atk²/(atk+def)，variance=0 实测）】
职业   装备   | 同 11:e物/e魔 b物/b魔 | 越5 16:e物/e魔 b物/b魔 | 跨11 22:e物/e魔 b物/b魔
战士   裸装   | 同 11:e8/9 b6/7 | 越5 16:e5/6 b4/5 | 跨11 22:e4/4 b3/4
战士   满装   | 同 11:e23/17 b19/14 | 越5 16:e14/11 b11/9 | 跨11 22:e9/8 b7/7
法师   裸装   | 同 11:e3/5 b3/4 | 越5 16:e2/4 b2/3 | 跨11 22:e2/3 b2/2
法师   满装   | 同 11:e15/14 b12/12 | 越5 16:e9/9 b8/8 | 跨11 22:e6/7 b5/5
游侠   裸装   | 同 11:e5/6 b4/5 | 越5 16:e3/4 b3/3 | 跨11 22:e2/3 b2/3
游侠   满装   | 同 11:e18/14 b14/11 | 越5 16:e11/9 b9/8 | 跨11 22:e7/7 b6/5
牧师   裸装   | 同 11:e4/7 b4/5 | 越5 16:e3/4 b3/4 | 跨11 22:e2/3 b2/3
牧师   满装   | 同 11:e17/16 b14/13 | 越5 16:e10/11 b9/8 | 跨11 22:e7/7 b6/6
刺客   裸装   | 同 11:e4/5 b3/4 | 越5 16:e3/4 b2/3 | 跨11 22:e2/3 b2/2
刺客   满装   | 同 11:e16/13 b13/10 | 越5 16:e10/9 b8/7 | 跨11 22:e7/6 b6/5
拳师   裸装   | 同 11:e6/8 b5/7 | 越5 16:e4/5 b4/4 | 跨11 22:e3/4 b3/3
拳师   满装   | 同 11:e20/17 b16/13 | 越5 16:e12/11 b10/9 | 跨11 22:e8/8 b7/6
注：数值=玩家可承受的期望攻击次数（ceil(max_hp/期望伤害)；物理=atk vs def，魔法=matk vs mdef。
    实战怪还会放技能（倍率更高）、Boss 战单怪会砍成 0.7× 但带 2 爪牙，承伤更凶。

【结论判断】
同级(11) elite 裸装胜率 0%、满装 88%；boss 裸装 0%、满装 67%
越5(16) elite 裸装 0%、满装 65%；boss 裸装 0%、满装 0%
跨11(22) elite 裸装 0%、满装 0%；boss 裸装 0%、满装 0%
